[671f0e8808598.site123.me/index.html]
[files.cdn-files-a.com/uploads/9884310/2000_gi-671f0f804bef7.jpg]
[cdn-cms-s.f-static.net/manager/websites/site123_website/files/logos/brand_files_2020/Icons/Png/Icon_blue5ce5.png]
[backblue.gif]
[fade.gif]
[index.html]
[671f0e8808598.site123.me/rss.xml]
[cdn-cms-s.f-static.net/versions/2/css/minimize_main2046.css]
[cdn-cms-s.f-static.net/versions/2/css/websiteCSSb74c.css]
[files.cdn-files-a.com/uploads/9884310/400_671f0ed00cb89.png]
[671f0e8808598.site123.me/blog.html]
[671f0e8808598.site123.me/integrantes.html]
[671f0e8808598.site123.me/blog/identificación-de-requisitos-y-limitaciones-técnicas-en-el-diseño-de-redes.html]
[files.cdn-files-a.com/uploads/9884310/normal_67255f1c8766a.png]
[cdn-cms-s.f-static.net/manager/websites/site123_website/files/logos/brand_files_2020/Logo/Horizontal/PNG/Horizontal_Black2046.png]
[671f0e8808598.site123.me/671f0e8808598.site123.me]
[cdn-cms-s.f-static.net/versions/2/js/minimize_p12046.js]
[cdn-cms-s.f-static.net/versions/2/js/minimize_p22046.js]
[cdn-cms-s.f-static.net/versions/2/js/minimize_p32046.js]
[cdn-cms-s.f-static.net/versions/2/js/minimize_p42046.js]
[cdn-cms-s.f-static.net/versions/2/js/minimize_scripts2046.js]
[671f0e8808598.site123.me/index.html]
[cdn-cms-s.f-static.net/versions/2/wizard/statistics/js/generateStats-min2046.js]
[cdn-cms-s.f-static.net/files/vendor/slick-1.8.1/slick/ajax-loader.gif]
[cdn-cms-s.f-static.net/versions/2/css/owl.video.play.png]
[cdn-cms-s.f-static.net/versions/2/css/minimize_main2046.css]
[images.cdn-files-a.com/ready_uploads/media/1754/2000_5cc99be3445c9.jpg]
[cdn-cms-s.f-static.net/versions/2/css/websiteCSSb74c.css]
[671f0e8808598.site123.me/blog.html]
[671f0e8808598.site123.me/integrantes.html]
[cdn-cms-s.f-static.net/versions/2/css/minimize-data2046.css]
[671f0e8808598.site123.me/blog/671f0e8808598.site123.me]
[671f0e8808598.site123.me/blog/identificación-de-requisitos-y-limitaciones-técnicas-en-el-diseño-de-redes.html]
[671f0e8808598.site123.me/671f0e8808598.site123.html]
[cdn-cms-s.f-static.net/versions/2/css/owl.video.play.html]
[cdn-cms-s.f-static.net/versions/2/css/minimize-data2046.css]
[671f0e8808598.site123.me/blog/671f0e8808598.site123.html]
[cdn-cms-s.f-static.net/versions/2/js/minimize-data2046.js]
